pc@PARTH-DESKTOP MINGW64 ~
$ cd Desktop

pc@PARTH-DESKTOP MINGW64 ~/Desktop
$ mkdir Story
mkdir: cannot create directory ‘Story’: File exists

pc@PARTH-DESKTOP MINGW64 ~/Desktop
$ cd Story

pc@PARTH-DESKTOP MINGW64 ~/Desktop/Story
$ git init
Initialized empty Git repository in C:/Users/pc/Desktop/Story/.git/

pc@PARTH-DESKTOP MINGW64 ~/Desktop/Story (master)
$ ls -a
./  ../  .git/  chapter1.txt

pc@PARTH-DESKTOP MINGW64 ~/Desktop/Story (master)
$ git status
On branch master

No commits yet

Untracked files:
  (use "git add <file>..." to include in what will be committed)
        chapter1.txt

nothing added to commit but untracked files present (use "git add" to track)

pc@PARTH-DESKTOP MINGW64 ~/Desktop/Story (master)
$ git add chapter1.txt

pc@PARTH-DESKTOP MINGW64 ~/Desktop/Story (master)
$ git status
On branch master

No commits yet

Changes to be committed:
  (use "git rm --cached <file>..." to unstage)
        new file:   chapter1.txt


pc@PARTH-DESKTOP MINGW64 ~/Desktop/Story (master)
$ git commit -m "Complete Chapter 1"
Author identity unknown

*** Please tell me who you are.

Run

  git config --global user.email "you@example.com"
  git config --global user.name "Your Name"

to set your account's default identity.
Omit --global to set the identity only in this repository.

fatal: unable to auto-detect email address (got 'pc@PARTH-DESKTOP.(none)')

pc@PARTH-DESKTOP MINGW64 ~/Desktop/Story (master)
$ git log
fatal: your current branch 'master' does not have any commits yet

pc@PARTH-DESKTOP MINGW64 ~/Desktop/Story (master)
$ git config --global user.email "ombajad458@gmail.com"

pc@PARTH-DESKTOP MINGW64 ~/Desktop/Story (master)
$ git config --global user.name "Om"

pc@PARTH-DESKTOP MINGW64 ~/Desktop/Story (master)
$ git log
fatal: your current branch 'master' does not have any commits yet

pc@PARTH-DESKTOP MINGW64 ~/Desktop/Story (master)
$ git commit -m "Complete Chapter 1"
[master (root-commit) 9c747ae] Complete Chapter 1
 1 file changed, 0 insertions(+), 0 deletions(-)
 create mode 100644 chapter1.txt

pc@PARTH-DESKTOP MINGW64 ~/Desktop/Story (master)
$ git log
commit 9c747aefd29416a6d8795ba8f7f42ed9ba14ee76 (HEAD -> master)
Author: Om <ombajad458@gmail.com>
Date:   Tue Nov 15 13:53:24 2022 +0530

    Complete Chapter 1

pc@PARTH-DESKTOP MINGW64 ~/Desktop/Story (master)
$ touch chapter2.txt

pc@PARTH-DESKTOP MINGW64 ~/Desktop/Story (master)
$ touch chapter3.txt

pc@PARTH-DESKTOP MINGW64 ~/Desktop/Story (master)
$ git status
On branch master
Untracked files:
  (use "git add <file>..." to include in what will be committed)
        chapter2.txt
        chapter3.txt

nothing added to commit but untracked files present (use "git add" to track)

pc@PARTH-DESKTOP MINGW64 ~/Desktop/Story (master)
$ git add .

pc@PARTH-DESKTOP MINGW64 ~/Desktop/Story (master)
$ git status
On branch master
Changes to be committed:
  (use "git restore --staged <file>..." to unstage)
        new file:   chapter2.txt
        new file:   chapter3.txt


pc@PARTH-DESKTOP MINGW64 ~/Desktop/Story (master)
$ git commit -m "Complete Chapter 2 and 3"
[master 189ca08] Complete Chapter 2 and 3
 2 files changed, 1 insertion(+)
 create mode 100644 chapter2.txt
 create mode 100644 chapter3.txt

pc@PARTH-DESKTOP MINGW64 ~/Desktop/Story (master)
$ git log
commit 189ca08cd4327301e8e7d4ba7e609ea4e3694910 (HEAD -> master)
Author: Om <ombajad458@gmail.com>
Date:   Tue Nov 15 14:12:24 2022 +0530

    Complete Chapter 2 and 3

commit 9c747aefd29416a6d8795ba8f7f42ed9ba14ee76
Author: Om <ombajad458@gmail.com>
Date:   Tue Nov 15 13:53:24 2022 +0530

    Complete Chapter 1

pc@PARTH-DESKTOP MINGW64 ~/Desktop/Story (master)
$ git diff chapter3.txt

pc@PARTH-DESKTOP MINGW64 ~/Desktop/Story (master)
$ git remote add origin https://github.com/ombajad/Story.git

pc@PARTH-DESKTOP MINGW64 ~/Desktop/Story (master)
$ git push -u origin master

pc@PARTH-DESKTOP MINGW64 ~/Desktop/Story (master)
$ git push -u origin master
Enumerating objects: 6, done.
Counting objects: 100% (6/6), done.
Delta compression using up to 4 threads
Compressing objects: 100% (3/3), done.
Writing objects: 100% (6/6), 479 bytes | 479.00 KiB/s, done.
Total 6 (delta 0), reused 0 (delta 0), pack-reused 0
To https://github.com/ombajad/Story.git
 * [new branch]      master -> master
Branch 'master' set up to track remote branch 'master' from 'origin'.

pc@PARTH-DESKTOP MINGW64 ~/Desktop/Story (master)
